
# -----------------  ctable.R ----------------------------------------
> suppressPackageStartupMessages(library(summarytools))

> suppressPackageStartupMessages(library(dplyr))

> suppressPackageStartupMessages(library(magrittr))

> options(tibble.print_max = Inf)

> data(tobacco)

> tobacco <- tibble::as_tibble(tobacco)

> ctable(tobacco$smoker, tobacco$diseased, caption = "test encod: éêàáûï")
Çapraz Tablo, Satir Oranlari  
smoker * diseased  
Veri Çerçevesi: tobacco  

-------- ---------- ------------- ------------- ---------------
           diseased           Yes            No          Toplam
  smoker                                                       
     Yes              125 (41.9%)   173 (58.1%)    298 (100.0%)
      No               99 (14.1%)   603 (85.9%)    702 (100.0%)
  Toplam              224 (22.4%)   776 (77.6%)   1000 (100.0%)
-------- ---------- ------------- ------------- ---------------

Table: test encod: éêàáûï

> label(tobacco) <- "A Study on Tobacco Use and Health"

# -----------------  always show NAs
> (ct1 <- ctable(tobacco$smoker, tobacco$diseased, useNA = 'always'))
Çapraz Tablo, Satir Oranlari  
smoker * diseased  
Veri Çerçevesi: tobacco  
Etiket: A Study on Tobacco Use and Health  

-------- ---------- ------------- ------------- ---------- ---------------
           diseased           Yes            No       <NA>          Toplam
  smoker                                                                  
     Yes              125 (41.9%)   173 (58.1%)   0 (0.0%)    298 (100.0%)
      No               99 (14.1%)   603 (85.9%)   0 (0.0%)    702 (100.0%)
    <NA>                0 ( 0.0%)     0 ( 0.0%)   0 (0.0%)      0 (  0.0%)
  Toplam              224 (22.4%)   776 (77.6%)   0 (0.0%)   1000 (100.0%)
-------- ---------- ------------- ------------- ---------- ---------------

> st_options(display.labels = F)

> print(ct1, file = "01.html")
Switching method to 'browser'
Output file written

> print(ct1, totals=FALSE, file = "02.md", style = "grid", plain.ascii = FALSE)
Output file written

> view(ct1, totals=FALSE, file = "03.md", style = "grid", plain.ascii = FALSE)
Switching method to 'pander'
Output file written

# -----------------  Minimal
> with(tobacco, ctable(gender, smoker, headings = FALSE, prop = "n", totals = FALSE))

-------- -------- ----- -----
           smoker   Yes    No
  gender                     
       F            147   342
       M            143   346
    <NA>              8    14
-------- -------- ----- -----

# -----------------  Minimal with totals
> with(tobacco, ctable(gender, smoker, headings = FALSE, prop = "n"))

-------- -------- ----- ----- --------
           smoker   Yes    No   Toplam
  gender                              
       F            147   342      489
       M            143   346      489
    <NA>              8    14       22
  Toplam            298   702     1000
-------- -------- ----- ----- --------

# -----------------  Non-default proportions
> ctable(tobacco$smoker, tobacco$diseased, useNA = 'no', prop = 'c')
Çapraz Tablo, Sütun Oranlari  
smoker * diseased  
Veri Çerçevesi: tobacco  

-------- ---------- -------------- -------------- ---------------
           diseased            Yes             No          Toplam
  smoker                                                         
     Yes              125 ( 55.8%)   173 ( 22.3%)    298 ( 29.8%)
      No               99 ( 44.2%)   603 ( 77.7%)    702 ( 70.2%)
  Toplam              224 (100.0%)   776 (100.0%)   1000 (100.0%)
-------- ---------- -------------- -------------- ---------------

> ctable(tobacco$smoker, tobacco$diseased, prop = 'n')
Çapraz Tablo  
smoker * diseased  
Veri Çerçevesi: tobacco  

-------- ---------- ----- ----- --------
           diseased   Yes    No   Toplam
  smoker                                
     Yes              125   173      298
      No               99   603      702
  Toplam              224   776     1000
-------- ---------- ----- ----- --------

> ctable(tobacco$smoker, tobacco$diseased, prop = 't')
Çapraz Tablo, Toplam Oranlar  
smoker * diseased  
Veri Çerçevesi: tobacco  

-------- ---------- ------------- ------------- ---------------
           diseased           Yes            No          Toplam
  smoker                                                       
     Yes              125 (12.5%)   173 (17.3%)    298 ( 29.8%)
      No               99 ( 9.9%)   603 (60.3%)    702 ( 70.2%)
  Toplam              224 (22.4%)   776 (77.6%)   1000 (100.0%)
-------- ---------- ------------- ------------- ---------------

# -----------------  Calculated y variable
> data(exams)

> ctable(exams$gender, exams$french < 60)
Çapraz Tablo, Satir Oranlari  
gender * french < 60  
Veri Çerçevesi: exams  

-------- ------------- ------------- ---------- ---------- -------------
           french < 60         FALSE       TRUE       <NA>        Toplam
  gender                                                                
    Girl                 13 ( 86.7%)   1 (6.7%)   1 (6.7%)   15 (100.0%)
     Boy                 15 (100.0%)   0 (0.0%)   0 (0.0%)   15 (100.0%)
  Toplam                 28 ( 93.3%)   1 (3.3%)   1 (3.3%)   30 (100.0%)
-------- ------------- ------------- ---------- ---------- -------------

> ctable(exams$gender, exams$french < 60, dnn = c("Gender", "Failed French Class"), caption = "dnn in use")
Çapraz Tablo, Satir Oranlari  
Gender * Failed French Class  
Veri Çerçevesi: exams  

-------- --------------------- ------------- ---------- ---------- -------------
           Failed French Class         FALSE       TRUE       <NA>        Toplam
  Gender                                                                        
    Girl                         13 ( 86.7%)   1 (6.7%)   1 (6.7%)   15 (100.0%)
     Boy                         15 (100.0%)   0 (0.0%)   0 (0.0%)   15 (100.0%)
  Toplam                         28 ( 93.3%)   1 (3.3%)   1 (3.3%)   30 (100.0%)
-------- --------------------- ------------- ---------- ---------- -------------

Table: dnn in use

# -----------------  Subsetting
> ctable(tobacco$smoker[1:250], tobacco$diseased[1:250], headings = FALSE)

-------- ---------- ------------ ------------- --------------
           diseased          Yes            No         Toplam
  smoker                                                     
     Yes              31 (45.6%)    37 (54.4%)    68 (100.0%)
      No              36 (19.8%)   146 (80.2%)   182 (100.0%)
  Toplam              67 (26.8%)   183 (73.2%)   250 (100.0%)
-------- ---------- ------------ ------------- --------------

> ctable(tobacco[[1]], tobacco[,3])
Çapraz Tablo, Satir Oranlari  
gender * age.gr  
Veri Çerçevesi: tobacco  

-------- -------- ------------- ------------- ------------- ------------- ----------- ---------------
           age.gr         18-34         35-50         51-70          71 +        <NA>          Toplam
  gender                                                                                             
       F            123 (25.2%)   118 (24.1%)   157 (32.1%)    77 (15.7%)   14 (2.9%)    489 (100.0%)
       M            130 (26.6%)   118 (24.1%)   151 (30.9%)    79 (16.2%)   11 (2.2%)    489 (100.0%)
    <NA>              5 (22.7%)     5 (22.7%)     9 (40.9%)     3 (13.6%)    0 (0.0%)     22 (100.0%)
  Toplam            258 (25.8%)   241 (24.1%)   317 (31.7%)   159 (15.9%)   25 (2.5%)   1000 (100.0%)
-------- -------- ------------- ------------- ------------- ------------- ----------- ---------------

# -----------------  with()
> with(tobacco, ctable(smoker,  diseased))
Çapraz Tablo, Satir Oranlari  
smoker * diseased  
Veri Çerçevesi: tobacco  

-------- ---------- ------------- ------------- ---------------
           diseased           Yes            No          Toplam
  smoker                                                       
     Yes              125 (41.9%)   173 (58.1%)    298 (100.0%)
      No               99 (14.1%)   603 (85.9%)    702 (100.0%)
  Toplam              224 (22.4%)   776 (77.6%)   1000 (100.0%)
-------- ---------- ------------- ------------- ---------------

# -----------------  stby() 
> stby(list(x = tobacco$smoker, y = tobacco$diseased), tobacco$gender, ctable)
Çapraz Tablo, Satir Oranlari  
smoker * diseased  
Veri Çerçevesi: tobacco  
Grup: gender = F  

-------- ---------- ------------- ------------- --------------
           diseased           Yes            No         Toplam
  smoker                                                      
     Yes               62 (42.2%)    85 (57.8%)   147 (100.0%)
      No               49 (14.3%)   293 (85.7%)   342 (100.0%)
  Toplam              111 (22.7%)   378 (77.3%)   489 (100.0%)
-------- ---------- ------------- ------------- --------------

Grup: gender = M  

-------- ---------- ------------- ------------- --------------
           diseased           Yes            No         Toplam
  smoker                                                      
     Yes               63 (44.1%)    80 (55.9%)   143 (100.0%)
      No               47 (13.6%)   299 (86.4%)   346 (100.0%)
  Toplam              110 (22.5%)   379 (77.5%)   489 (100.0%)
-------- ---------- ------------- ------------- --------------

# -----------------  with() + stby()
> with(tobacco, stby(list(x = smoker, y = diseased), gender, ctable)) # problématique!
Çapraz Tablo, Satir Oranlari  
smoker * diseased  
Veri Çerçevesi: tobacco  
Grup: gender = F  

-------- ---------- ------------- ------------- --------------
           diseased           Yes            No         Toplam
  smoker                                                      
     Yes               62 (42.2%)    85 (57.8%)   147 (100.0%)
      No               49 (14.3%)   293 (85.7%)   342 (100.0%)
  Toplam              111 (22.7%)   378 (77.3%)   489 (100.0%)
-------- ---------- ------------- ------------- --------------

Grup: gender = M  

-------- ---------- ------------- ------------- --------------
           diseased           Yes            No         Toplam
  smoker                                                      
     Yes               63 (44.1%)    80 (55.9%)   143 (100.0%)
      No               47 (13.6%)   299 (86.4%)   346 (100.0%)
  Toplam              110 (22.5%)   379 (77.5%)   489 (100.0%)
-------- ---------- ------------- ------------- --------------

> wbc <- with(tobacco, stby(list(x = smoker, y = diseased), gender, ctable, headings = F))

> print(wbc, headings = T)
Çapraz Tablo, Satir Oranlari  
smoker * diseased  
Veri Çerçevesi: tobacco  
Grup: gender = F  

-------- ---------- ------------- ------------- --------------
           diseased           Yes            No         Toplam
  smoker                                                      
     Yes               62 (42.2%)    85 (57.8%)   147 (100.0%)
      No               49 (14.3%)   293 (85.7%)   342 (100.0%)
  Toplam              111 (22.7%)   378 (77.3%)   489 (100.0%)
-------- ---------- ------------- ------------- --------------

Grup: gender = M  

-------- ---------- ------------- ------------- --------------
           diseased           Yes            No         Toplam
  smoker                                                      
     Yes               63 (44.1%)    80 (55.9%)   143 (100.0%)
      No               47 (13.6%)   299 (86.4%)   346 (100.0%)
  Toplam              110 (22.5%)   379 (77.5%)   489 (100.0%)
-------- ---------- ------------- ------------- --------------

> print(wbc, headings = T, file = "04.md")
Setting 'plain.ascii' to FALSE and Changing style to 'grid' for improved markdown compatibility
Output file written
Setting 'plain.ascii' to FALSE and Changing style to 'grid' for improved markdown compatibility
Output file appended

> print(wbc, headings = T, file = "04.html")
Switching method to 'browser'
Output file written
Output file appended

> view(wbc, headings = T, caption = "with head", file = "05.md")
Switching method to 'pander'
Setting 'plain.ascii' to FALSE and Changing style to 'grid' for improved markdown compatibility
Output file written
Setting 'plain.ascii' to FALSE and Changing style to 'grid' for improved markdown compatibility
Output file appended

> view(wbc, headings = T, footnote = "with head", file = "05.html")
Output file written
Output file appended

# -----------------  Weights
> (wc1 <- with(tobacco, ctable(gender, smoker, weights = samp.wgts)))
Çapraz Tablo, Satir Oranlari  
gender * smoker  
Veri Çerçevesi: tobacco  

-------- -------- --------------- --------------- -----------------
           smoker             Yes              No            Toplam
  gender                                                           
       F            147.4 (30.1%)   341.5 (69.9%)    488.9 (100.0%)
       M            142.9 (29.2%)   346.1 (70.8%)    488.9 (100.0%)
    <NA>              8.0 (36.2%)    14.1 (63.8%)     22.2 (100.0%)
  Toplam            298.3 (29.8%)   701.7 (70.2%)   1000.0 (100.0%)
-------- -------- --------------- --------------- -----------------

> print(wc1, totals = FALSE)
Çapraz Tablo, Satir Oranlari  
gender * smoker  
Veri Çerçevesi: tobacco  

-------- -------- --------------- ---------------
           smoker             Yes              No
  gender                                         
       F            147.4 (30.1%)   341.5 (69.9%)
       M            142.9 (29.2%)   346.1 (70.8%)
    <NA>              8.0 (36.2%)    14.1 (63.8%)
-------- -------- --------------- ---------------

> print(wc1, round.digits = 2)
Çapraz Tablo, Satir Oranlari  
gender * smoker  
Veri Çerçevesi: tobacco  

-------- -------- ----------------- ----------------- -------------------
           smoker               Yes                No              Toplam
  gender                                                                 
       F            147.39 (30.14%)   341.54 (69.86%)    488.92 (100.00%)
       M            142.86 (29.22%)   346.05 (70.78%)    488.92 (100.00%)
    <NA>              8.02 (36.20%)    14.14 (63.80%)     22.16 (100.00%)
  Toplam            298.27 (29.83%)   701.73 (70.17%)   1000.00 (100.00%)
-------- -------- ----------------- ----------------- -------------------

> (wc2 <- tobacco %$% stby(list(x = smoker, y = diseased), gender, ctable))
Çapraz Tablo, Satir Oranlari  
smoker * diseased  
Veri Çerçevesi: tobacco  
Grup: gender = F  

-------- ---------- ------------- ------------- --------------
           diseased           Yes            No         Toplam
  smoker                                                      
     Yes               62 (42.2%)    85 (57.8%)   147 (100.0%)
      No               49 (14.3%)   293 (85.7%)   342 (100.0%)
  Toplam              111 (22.7%)   378 (77.3%)   489 (100.0%)
-------- ---------- ------------- ------------- --------------

Grup: gender = M  

-------- ---------- ------------- ------------- --------------
           diseased           Yes            No         Toplam
  smoker                                                      
     Yes               63 (44.1%)    80 (55.9%)   143 (100.0%)
      No               47 (13.6%)   299 (86.4%)   346 (100.0%)
  Toplam              110 (22.5%)   379 (77.5%)   489 (100.0%)
-------- ---------- ------------- ------------- --------------

> tobacco %$% stby(list(smoker, diseased), gender, ctable)
Çapraz Tablo, Satir Oranlari  
smoker * diseased  
Veri Çerçevesi: tobacco  
Grup: gender = F  

-------- ---------- ------------- ------------- --------------
           diseased           Yes            No         Toplam
  smoker                                                      
     Yes               62 (42.2%)    85 (57.8%)   147 (100.0%)
      No               49 (14.3%)   293 (85.7%)   342 (100.0%)
  Toplam              111 (22.7%)   378 (77.3%)   489 (100.0%)
-------- ---------- ------------- ------------- --------------

Grup: gender = M  

-------- ---------- ------------- ------------- --------------
           diseased           Yes            No         Toplam
  smoker                                                      
     Yes               63 (44.1%)    80 (55.9%)   143 (100.0%)
      No               47 (13.6%)   299 (86.4%)   346 (100.0%)
  Toplam              110 (22.5%)   379 (77.5%)   489 (100.0%)
-------- ---------- ------------- ------------- --------------

> with(tobacco, stby(list(smoker, diseased), gender, ctable))
Çapraz Tablo, Satir Oranlari  
smoker * diseased  
Veri Çerçevesi: tobacco  
Grup: gender = F  

-------- ---------- ------------- ------------- --------------
           diseased           Yes            No         Toplam
  smoker                                                      
     Yes               62 (42.2%)    85 (57.8%)   147 (100.0%)
      No               49 (14.3%)   293 (85.7%)   342 (100.0%)
  Toplam              111 (22.7%)   378 (77.3%)   489 (100.0%)
-------- ---------- ------------- ------------- --------------

Grup: gender = M  

-------- ---------- ------------- ------------- --------------
           diseased           Yes            No         Toplam
  smoker                                                      
     Yes               63 (44.1%)    80 (55.9%)   143 (100.0%)
      No               47 (13.6%)   299 (86.4%)   346 (100.0%)
  Toplam              110 (22.5%)   379 (77.5%)   489 (100.0%)
-------- ---------- ------------- ------------- --------------

> stby(list(tobacco$smoker, tobacco$diseased), tobacco$gender, ctable)
Çapraz Tablo, Satir Oranlari  
smoker * diseased  
Veri Çerçevesi: tobacco  
Grup: gender = F  

-------- ---------- ------------- ------------- --------------
           diseased           Yes            No         Toplam
  smoker                                                      
     Yes               62 (42.2%)    85 (57.8%)   147 (100.0%)
      No               49 (14.3%)   293 (85.7%)   342 (100.0%)
  Toplam              111 (22.7%)   378 (77.3%)   489 (100.0%)
-------- ---------- ------------- ------------- --------------

Grup: gender = M  

-------- ---------- ------------- ------------- --------------
           diseased           Yes            No         Toplam
  smoker                                                      
     Yes               63 (44.1%)    80 (55.9%)   143 (100.0%)
      No               47 (13.6%)   299 (86.4%)   346 (100.0%)
  Toplam              110 (22.5%)   379 (77.5%)   489 (100.0%)
-------- ---------- ------------- ------------- --------------

# -----------------  Statistics
> with(tobacco, ctable(smoker, diseased, chisq = TRUE, OR = TRUE, RR = TRUE))
Çapraz Tablo, Satir Oranlari  
smoker * diseased  
Veri Çerçevesi: tobacco  


-------- ---------- ------------- ------------- ---------------
           diseased           Yes            No          Toplam
  smoker                                                       
     Yes              125 (41.9%)   173 (58.1%)    298 (100.0%)
      No               99 (14.1%)   603 (85.9%)    702 (100.0%)
  Toplam              224 (22.4%)   776 (77.6%)   1000 (100.0%)
-------- ---------- ------------- ------------- ---------------

----------------------------
 Chi.squared   df   p.value 
------------- ---- ---------
    91.71      1       0    
----------------------------

----------------------------------
 Odds Ratio   Lo - 95%   Hi - 95% 
------------ ---------- ----------
    4.40        3.22       6.02   
----------------------------------

----------------------------------
 Risk Ratio   Lo - 95%   Hi - 95% 
------------ ---------- ----------
    2.97        2.37       3.73   
----------------------------------

> view(with(tobacco, ctable(smoker, diseased, chisq = TRUE, OR = .9, RR = .9)), file = "06.html")
Output file written

# -----------------  Global Options
> st_options(ctable.prop = "t", ctable.totals = FALSE)

> with(tobacco, ctable(smoker, diseased))
Çapraz Tablo, Toplam Oranlar  
smoker * diseased  
Veri Çerçevesi: tobacco  

-------- ---------- ------------- -------------
           diseased           Yes            No
  smoker                                       
     Yes              125 (12.5%)   173 (17.3%)
      No               99 ( 9.9%)   603 (60.3%)
-------- ---------- ------------- -------------

> st_options(ctable.prop = "n")

> with(tobacco, ctable(smoker, diseased))
Çapraz Tablo  
smoker * diseased  
Veri Çerçevesi: tobacco  

-------- ---------- ----- -----
           diseased   Yes    No
  smoker                       
     Yes              125   173
      No               99   603
-------- ---------- ----- -----

> st_options("reset")
summarytools options have been reset

> detach("package:summarytools")

> detach("package:dplyr")

> detach("package:magrittr")
